Microchip MPLAB XC8 Compiler V1.45 ()

Linker command line:

-W-3 --edf=/opt/microchip/xc8/v1.45/dat/en_msgs.txt -cs \
  -h+dist/default/production/drier.X.production.sym \
  --cmf=dist/default/production/drier.X.production.cmf -z -Q18LF1220 \
  -o/tmp/xcXKFhp6S -Mdist/default/production/drier.X.production.map -E1 \
  -ver=XC8 -ASTACK=0A4h-0ffh -pstack=STACK -ACODE=00h-0FFFh \
  -ACONST=00h-0FFFh -ASMALLCONST=0100h-01FFhx15 -AMEDIUMCONST=0100h-0FFFh \
  -ACOMRAM=01h-07Fh -AABS1=00h-0FFh -ABIGRAM=01h-0FFh -ARAM=080h-0FFh \
  -ABANK0=080h-0FFh -ASFR=0F80h-0FFFh \
  -preset_vec=00h,intcode=08h,intcodelo,powerup,init -pramtop=0100h \
  -psmallconst=SMALLCONST -pmediumconst=MEDIUMCONST -pconst=CONST \
  -AFARRAM=00h-00h -ACONFIG=0300000h-030000Dh -pconfig=CONFIG \
  -AIDLOC=0200000h-0200007h -pidloc=IDLOC -AEEDATA=0F00000h-0F000FFh \
  -peeprom_data=EEDATA \
  -prdata=COMRAM,nvrram=COMRAM,nvbit=COMRAM,rbss=COMRAM,rbit=COMRAM \
  -pfarbss=FARRAM,fardata=FARRAM,nvFARRAM=FARRAM \
  -pintsave_regs=BIGRAM,bigbss=BIGRAM,bigdata=BIGRAM -pbss=RAM \
  -pidata=CODE,irdata=CODE,ibigdata=CODE,ifardata=CODE -prparam=COMRAM \
  /tmp/xcXkB5Wlk.obj dist/default/production/drier.X.production.obj 

Object code version is 3.11

Machine type is 18LF1220

Call graph: (short form)




                Name                               Link     Load   Length Selector   Space Scale
/tmp/xcXkB5Wlk.obj
                init                                170      170        4        4       0
                reset_vec                             0        0        4        0       0
                idloc                            200000   200000        8   200000       0
                config                           300000   300000        E   300000       0
dist/default/production/drier.X.production.obj
                intcode                               8        8      168        4       0
                temp                                 5F       5F        1        1       1
                smallconst                          200      200       E2      100       0
                text26                              B28      B28       82      171       0
                text24                              F82      F82       20      171       0
                text23                              F62      F62       20      171       0
                text22                              F42      F42       20      171       0
                text21                              F22      F22       20      171       0
                text20                              9D8      9D8       CC      171       0
                text19                              EAE      EAE       2C      171       0
                text18                              F00      F00       22      171       0
                text17                              C2A      C2A       72      171       0
                text16                              DB2      DB2       48      171       0
                text15                              FC0      FC0       10      171       0
                text14                              DFA      DFA       44      171       0
                text13                              E3E      E3E       3E      171       0
                text12                              FD0      FD0        C      171       0
                text11                              FDC      FDC        8      171       0
                text10                              AA4      AA4       84      171       0
                text9                               D60      D60       52      171       0
                text8                               EDA      EDA       26      171       0
                text7                               7DA      7DA      132      171       0
                text6                               E7C      E7C       32      171       0
                text5                               C9C      C9C       6E      171       0
                text4                               90C      90C       CC      171       0
                text3                               D0A      D0A       56      171       0
                text2                               BAA      BAA       80      171       0
                text1                               2E2      2E2      308      171       0
                text0                               5EA      5EA      1F0      171       0
                cstackCOMRAM                          1        1       3C        1       1
                cstackBANK0                          80       80       24       80       1
                bssCOMRAM                            3D       3D       22        1       1
                cinit                               FA2      FA2       1E      171       0

TOTAL           Name                               Link     Load   Length     Space
        CLASS   STACK          

        CLASS   CODE           
                intcode                               8        8      168         0
                init                                170      170        4         0
                reset_vec                             0        0        4         0
                text26                              B28      B28       82         0
                text24                              F82      F82       20         0
                text23                              F62      F62       20         0
                text22                              F42      F42       20         0
                text21                              F22      F22       20         0
                text20                              9D8      9D8       CC         0
                text19                              EAE      EAE       2C         0
                text18                              F00      F00       22         0
                text17                              C2A      C2A       72         0
                text16                              DB2      DB2       48         0
                text15                              FC0      FC0       10         0
                text14                              DFA      DFA       44         0
                text13                              E3E      E3E       3E         0
                text12                              FD0      FD0        C         0
                text11                              FDC      FDC        8         0
                text10                              AA4      AA4       84         0
                text9                               D60      D60       52         0
                text8                               EDA      EDA       26         0
                text7                               7DA      7DA      132         0
                text6                               E7C      E7C       32         0
                text5                               C9C      C9C       6E         0
                text4                               90C      90C       CC         0
                text3                               D0A      D0A       56         0
                text2                               BAA      BAA       80         0
                text1                               2E2      2E2      308         0
                text0                               5EA      5EA      1F0         0
                cinit                               FA2      FA2       1E         0

        CLASS   CONST          

        CLASS   SMALLCONST     
                smallconst                          200      200       E2         0

        CLASS   MEDIUMCONST    

        CLASS   COMRAM         
                temp                                 5F       5F        1         1
                cstackCOMRAM                          1        1       3C         1
                bssCOMRAM                            3D       3D       22         1

        CLASS   ABS1           

        CLASS   BIGRAM         

        CLASS   RAM            

        CLASS   BANK0          
                cstackBANK0                          80       80       24         1

        CLASS   SFR            

        CLASS   FARRAM         

        CLASS   CONFIG         
                config                           300000   300000        E         0

        CLASS   IDLOC          
                idloc                            200000   200000        8         0

        CLASS   EEDATA         



SEGMENTS        Name                           Load    Length   Top    Selector   Space  Class

                reset_vec                      000000  000004  000004         0       0  CODE    
                cstackCOMRAM                   000001  00005F  000060         1       1  COMRAM  
                intcode                        000008  00016C  000174         4       0  CODE    
                cstackBANK0                    000080  000024  0000A4        80       1  BANK0   
                smallconst                     000200  0000E2  0002E2       100       0  SMALLCON
                text1                          0002E2  000D02  000FE4       171       0  CODE    
                idloc                          200000  000008  200008    200000       0  IDLOC   
                config                         300000  00000E  30000E    300000       0  CONFIG  


UNUSED ADDRESS RANGES

        Name                Unused          Largest block    Delta
        BANK0            0000A4-0000FF               5C
        BIGRAM           000060-00007F               20
                         0000A4-0000FF               5C
        CODE             000004-000007                4
                         000174-0001FF               8C
                         000FE4-000FFF               1C
        COMRAM           000060-00007F               20
        CONST            000004-000007                4
                         000174-0001FF               8C
                         000FE4-000FFF               1C
        EEDATA           F00000-F000FF              100
        MEDIUMCONST      000174-0001FF               8C
                         000FE4-000FFF               1C
        RAM              0000A4-0000FF               5C
        SFR              000F80-000FFF               80
        SMALLCONST       000174-0001FF               8C
                         000FE4-000FFF               1C
        STACK            0000A4-0000FF               5C

                                  Symbol Table

?___aldiv                   cstackCOMRAM 00002D
?___awdiv                   cstackCOMRAM 000021
?___lldiv                   cstackCOMRAM 000001
?___lmul                    cstackCOMRAM 000021
?___lwdiv                   cstackCOMRAM 000021
?___wmul                    cstackCOMRAM 000021
?_log_lookup                cstackCOMRAM 000021
_ADCON0                     (abs)        000FC2
_ADCON0bits                 (abs)        000FC2
_ADCON1                     (abs)        000FC1
_ADCON2                     (abs)        000FC0
_ADRESH                     (abs)        000FC4
_BAUDCTL                    (abs)        000FAA
_INTCONbits                 (abs)        000FF2
_LATAbits                   (abs)        000F89
_LATBbits                   (abs)        000F8A
_OSCCON                     (abs)        000FD3
_PIE1bits                   (abs)        000F9D
_PIR1bits                   (abs)        000F9E
_PORTAbits                  (abs)        000F80
_PORTBbits                  (abs)        000F81
_RCSTA                      (abs)        000FAB
_SPBRG                      (abs)        000FAF
_T0CON                      (abs)        000FD5
_TMR0                       (abs)        000FD6
_TRISAbits                  (abs)        000F92
_TRISBbits                  (abs)        000F93
_TXREG                      (abs)        000FAD
_TXSTA                      (abs)        000FAC
__CFG_BOR$ON                (abs)        000000
__CFG_BORV$27               (abs)        000000
__CFG_CP0$OFF               (abs)        000000
__CFG_CP1$OFF               (abs)        000000
__CFG_CPB$OFF               (abs)        000000
__CFG_CPD$OFF               (abs)        000000
__CFG_EBTR0$OFF             (abs)        000000
__CFG_EBTR1$OFF             (abs)        000000
__CFG_EBTRB$OFF             (abs)        000000
__CFG_FSCM$ON               (abs)        000000
__CFG_IESO$ON               (abs)        000000
__CFG_LVP$OFF               (abs)        000000
__CFG_MCLRE$ON              (abs)        000000
__CFG_OSC$INTIO2            (abs)        000000
__CFG_PWRT$ON               (abs)        000000
__CFG_STVR$ON               (abs)        000000
__CFG_WDT$ON                (abs)        000000
__CFG_WDTPS$32768           (abs)        000000
__CFG_WRT0$OFF              (abs)        000000
__CFG_WRT1$OFF              (abs)        000000
__CFG_WRTB$OFF              (abs)        000000
__CFG_WRTC$OFF              (abs)        000000
__CFG_WRTD$OFF              (abs)        000000
__HRAM                      (abs)        000000
__Habs1                     abs1         000000
__Hbank0                    bank0        000000
__Hbigbss                   bigbss       000000
__Hbigdata                  bigdata      000000
__Hbigram                   bigram       000000
__Hbss                      bss          000000
__HbssCOMRAM                bssCOMRAM    000000
__Hcinit                    cinit        000000
__Hclrtext                  clrtext      000000
__Hcomram                   comram       000000
__Hconfig                   config       30000E
__Hconst                    const        000000
__HcstackBANK0              cstackBANK0  000000
__HcstackCOMRAM             cstackCOMRAM 000000
__Hdata                     data         000000
__Heeprom_data              eeprom_data  000000
__Hfarbss                   farbss       000000
__Hfardata                  fardata      000000
__Hibigdata                 ibigdata     000000
__Hidata                    idata        000000
__Hidloc                    idloc        200008
__Hifardata                 ifardata     000000
__Hinit                     init         000174
__Hintcode                  intcode      000170
__Hintcode_body             intcode_body 000000
__Hintcodelo                intcodelo    000170
__Hintentry                 intentry     000000
__Hintret                   intret       000000
__Hintsave_regs             intsave_regs 000000
__Hirdata                   irdata       000000
__Hmediumconst              mediumconst  000000
__HnvFARRAM                 nvFARRAM     000000
__Hnvbit                    nvbit        000000
__Hnvrram                   nvrram       000000
__Hparam                    rparam       000000
__Hpowerup                  powerup      000170
__Hram                      ram          000000
__Hramtop                   ramtop       000100
__Hrbit                     rbit         000000
__Hrbss                     rbss         000000
__Hrdata                    rdata        000000
__Hreset_vec                reset_vec    000004
__Hrparam                   rparam       000000
__Hsfr                      sfr          000000
__Hsmallconst               smallconst   0002E2
__Hspace_0                  (abs)        30000E
__Hspace_1                  (abs)        0000A4
__Hspace_2                  (abs)        000000
__Hstack                    stack        000000
__Hstruct                   struct       000000
__Htemp                     temp         000060
__Htext                     text         000000
__Htext0                    text0        000000
__Htext1                    text1        000000
__Htext10                   text10       000000
__Htext11                   text11       000000
__Htext12                   text12       000000
__Htext13                   text13       000000
__Htext14                   text14       000000
__Htext15                   text15       000000
__Htext16                   text16       000000
__Htext17                   text17       000000
__Htext18                   text18       000000
__Htext19                   text19       000000
__Htext2                    text2        000000
__Htext20                   text20       000000
__Htext21                   text21       000000
__Htext22                   text22       000000
__Htext23                   text23       000000
__Htext24                   text24       000000
__Htext26                   text26       000000
__Htext3                    text3        000000
__Htext4                    text4        000000
__Htext5                    text5        000000
__Htext6                    text6        000000
__Htext7                    text7        000000
__Htext8                    text8        000000
__Htext9                    text9        000000
__LRAM                      (abs)        000001
__Labs1                     abs1         000000
__Lbank0                    bank0        000000
__Lbigbss                   bigbss       000000
__Lbigdata                  bigdata      000000
__Lbigram                   bigram       000000
__Lbss                      bss          000000
__LbssCOMRAM                bssCOMRAM    000000
__Lcinit                    cinit        000000
__Lclrtext                  clrtext      000000
__Lcomram                   comram       000000
__Lconfig                   config       300000
__Lconst                    const        000000
__LcstackBANK0              cstackBANK0  000000
__LcstackCOMRAM             cstackCOMRAM 000000
__Ldata                     data         000000
__Leeprom_data              eeprom_data  000000
__Lfarbss                   farbss       000000
__Lfardata                  fardata      000000
__Libigdata                 ibigdata     000000
__Lidata                    idata        000000
__Lidloc                    idloc        200000
__Lifardata                 ifardata     000000
__Linit                     init         000170
__Lintcode                  intcode      000008
__Lintcode_body             intcode_body 000000
__Lintcodelo                intcodelo    000170
__Lintentry                 intentry     000000
__Lintret                   intret       000000
__Lintsave_regs             intsave_regs 000000
__Lirdata                   irdata       000000
__Lmediumconst              mediumconst  000000
__LnvFARRAM                 nvFARRAM     000000
__Lnvbit                    nvbit        000000
__Lnvrram                   nvrram       000000
__Lparam                    rparam       000000
__Lpowerup                  powerup      000170
__Lram                      ram          000000
__Lramtop                   ramtop       000100
__Lrbit                     rbit         000000
__Lrbss                     rbss         000000
__Lrdata                    rdata        000000
__Lreset_vec                reset_vec    000000
__Lrparam                   rparam       000000
__Lsfr                      sfr          000000
__Lsmallconst               smallconst   000200
__Lspace_0                  (abs)        000000
__Lspace_1                  (abs)        000000
__Lspace_2                  (abs)        000000
__Lstack                    stack        000000
__Lstruct                   struct       000000
__Ltemp                     temp         00005F
__Ltext                     text         000000
__Ltext0                    text0        000000
__Ltext1                    text1        000000
__Ltext10                   text10       000000
__Ltext11                   text11       000000
__Ltext12                   text12       000000
__Ltext13                   text13       000000
__Ltext14                   text14       000000
__Ltext15                   text15       000000
__Ltext16                   text16       000000
__Ltext17                   text17       000000
__Ltext18                   text18       000000
__Ltext19                   text19       000000
__Ltext2                    text2        000000
__Ltext20                   text20       000000
__Ltext21                   text21       000000
__Ltext22                   text22       000000
__Ltext23                   text23       000000
__Ltext24                   text24       000000
__Ltext26                   text26       000000
__Ltext3                    text3        000000
__Ltext4                    text4        000000
__Ltext5                    text5        000000
__Ltext6                    text6        000000
__Ltext7                    text7        000000
__Ltext8                    text8        000000
__Ltext9                    text9        000000
__S0                        (abs)        30000E
__S1                        (abs)        0000A4
__S2                        (abs)        000000
___aldiv                    text4        00090C
___aldiv@counter            cstackCOMRAM 000035
___aldiv@dividend           cstackCOMRAM 00002D
___aldiv@divisor            cstackCOMRAM 000031
___aldiv@quotient           cstackCOMRAM 000037
___aldiv@sign               cstackCOMRAM 000036
___awdiv                    text10       000AA4
___awdiv@counter            cstackCOMRAM 000025
___awdiv@dividend           cstackCOMRAM 000021
___awdiv@divisor            cstackCOMRAM 000023
___awdiv@quotient           cstackCOMRAM 000027
___awdiv@sign               cstackCOMRAM 000026
___inthi_sp                 stack        000000
___intlo_sp                 stack        000000
___lldiv                    text26       000B28
___lldiv@counter            cstackCOMRAM 00000D
___lldiv@dividend           cstackCOMRAM 000001
___lldiv@divisor            cstackCOMRAM 000005
___lldiv@quotient           cstackCOMRAM 000009
___lmul                     text3        000D0A
___lmul@multiplicand        cstackCOMRAM 000025
___lmul@multiplier          cstackCOMRAM 000021
___lmul@product             cstackCOMRAM 000029
___lwdiv                    text9        000D60
___lwdiv@counter            cstackCOMRAM 000027
___lwdiv@dividend           cstackCOMRAM 000021
___lwdiv@divisor            cstackCOMRAM 000023
___lwdiv@quotient           cstackCOMRAM 000025
___param_bank               (abs)        000000
___rparam_used              (abs)        000001
___sp                       stack        000000
___wmul                     text8        000EDA
___wmul@multiplicand        cstackCOMRAM 000023
___wmul@multiplier          cstackCOMRAM 000021
___wmul@product             cstackCOMRAM 000025
__accesstop                 (abs)        000080
__activetblptr              (abs)        000001
__end_of___aldiv            text4        0009D8
__end_of___awdiv            text10       000B28
__end_of___lldiv            text26       000BAA
__end_of___lmul             text3        000D60
__end_of___lwdiv            text9        000DB2
__end_of___wmul             text8        000F00
__end_of__initialization    cinit        000FAE
__end_of_aht20_status       text15       000FD0
__end_of_get_clock          text24       000FA2
__end_of_get_data           text23       000F82
__end_of_i2c_read           text20       000AA4
__end_of_i2c_read_device2   text16       000DFA
__end_of_i2c_start          text19       000EDA
__end_of_i2c_stop           text18       000F22
__end_of_i2c_write          text17       000C9C
__end_of_i2c_write_device2  text14       000E3E
__end_of_init_aht20         text13       000E7C
__end_of_isr                intcode      000170
__end_of_log_lookup         text2        000C2A
__end_of_log_table          smallconst   000265
__end_of_main               text0        0007DA
__end_of_print_fixed        text7        00090C
__end_of_print_lf           text11       000FE4
__end_of_print_sensor       text5        000D0A
__end_of_print_text         text6        000EAE
__end_of_read_aht20         text1        0005EA
__end_of_send_uart          text12       000FDC
__end_of_set_clock          text22       000F62
__end_of_set_data           text21       000F42
__initialization            cinit        000FA2
__mediumconst               mediumconst  000000
__pbssCOMRAM                bssCOMRAM    00003D
__pcinit                    cinit        000FA2
__pcstackBANK0              cstackBANK0  000080
__pcstackCOMRAM             cstackCOMRAM 000001
__pintcode                  intcode      000008
__psmallconst               smallconst   000200
__ptext0                    text0        0005EA
__ptext1                    text1        0002E2
__ptext10                   text10       000AA4
__ptext11                   text11       000FDC
__ptext12                   text12       000FD0
__ptext13                   text13       000E3E
__ptext14                   text14       000DFA
__ptext15                   text15       000FC0
__ptext16                   text16       000DB2
__ptext17                   text17       000C2A
__ptext18                   text18       000F00
__ptext19                   text19       000EAE
__ptext2                    text2        000BAA
__ptext20                   text20       0009D8
__ptext21                   text21       000F22
__ptext22                   text22       000F42
__ptext23                   text23       000F62
__ptext24                   text24       000F82
__ptext26                   text26       000B28
__ptext3                    text3        000D0A
__ptext4                    text4        00090C
__ptext5                    text5        000C9C
__ptext6                    text6        000E7C
__ptext7                    text7        0007DA
__ptext8                    text8        000EDA
__ptext9                    text9        000D60
__ramtop                    ramtop       000100
__size_of___aldiv           (abs)        000000
__size_of___awdiv           (abs)        000000
__size_of___lldiv           (abs)        000000
__size_of___lmul            (abs)        000000
__size_of___lwdiv           (abs)        000000
__size_of___wmul            (abs)        000000
__size_of_aht20_status      (abs)        000000
__size_of_get_clock         (abs)        000000
__size_of_get_data          (abs)        000000
__size_of_i2c_read          (abs)        000000
__size_of_i2c_read_device2  (abs)        000000
__size_of_i2c_start         (abs)        000000
__size_of_i2c_stop          (abs)        000000
__size_of_i2c_write         (abs)        000000
__size_of_i2c_write_device2 (abs)        000000
__size_of_init_aht20        (abs)        000000
__size_of_isr               (abs)        000000
__size_of_log_lookup        (abs)        000000
__size_of_main              (abs)        000000
__size_of_print_fixed       (abs)        000000
__size_of_print_lf          (abs)        000000
__size_of_print_sensor      (abs)        000000
__size_of_print_text        (abs)        000000
__size_of_read_aht20        (abs)        000000
__size_of_send_uart         (abs)        000000
__size_of_set_clock         (abs)        000000
__size_of_set_data          (abs)        000000
__smallconst                smallconst   000200
_aht20_status               text15       000FC0
_duty_counter               bssCOMRAM    00004C
_flags                      bssCOMRAM    00004B
_fuse_accum                 bssCOMRAM    000045
_fuse_count                 bssCOMRAM    000049
_fuse_tick                  bssCOMRAM    00004E
_fuse_value                 bssCOMRAM    000050
_get_clock                  text24       000F82
_get_data                   text23       000F62
_i2c_buffer                 bssCOMRAM    00003D
_i2c_read                   text20       0009D8
_i2c_read_device2           text16       000DB2
_i2c_start                  text19       000EAE
_i2c_stop                   text18       000F00
_i2c_write                  text17       000C2A
_i2c_write_device2          text14       000DFA
_init_aht20                 text13       000E3E
_inside                     bssCOMRAM    000058
_isr                        intcode      000008
_led_tick                   bssCOMRAM    00004D
_log_lookup                 text2        000BAA
_log_table                  smallconst   000201
_main                       text0        0005EA
_outside                    bssCOMRAM    000051
_print_fixed                text7        0007DA
_print_lf                   text11       000FDC
_print_sensor               text5        000C9C
_print_text                 text6        000E7C
_pump_tick                  bssCOMRAM    00004F
_read_aht20                 text1        0002E2
_send_uart                  text12       000FD0
_set_clock                  text22       000F42
_set_data                   text21       000F22
aht20_status@port           cstackCOMRAM 000032
btemp                       temp         00005F
end_of_initialization       cinit        000FAE
get_clock@port              cstackCOMRAM 000021
get_data@port               cstackCOMRAM 000021
i2c_read@bytes              cstackCOMRAM 000023
i2c_read@i                  cstackCOMRAM 00002D
i2c_read@j                  cstackCOMRAM 00002C
i2c_read@port               cstackCOMRAM 00002E
i2c_read@value              cstackCOMRAM 00002B
i2c_read_device2@bytes      cstackCOMRAM 00002F
i2c_read_device2@i          cstackCOMRAM 000030
i2c_read_device2@port       cstackCOMRAM 000031
i2c_start@port              cstackCOMRAM 000023
i2c_stop@port               cstackCOMRAM 000023
i2c_write@ack               cstackCOMRAM 000024
i2c_write@i                 cstackCOMRAM 000025
i2c_write@port              cstackCOMRAM 000026
i2c_write@value             cstackCOMRAM 000023
i2c_write_device2@i         cstackCOMRAM 000028
i2c_write_device2@len       cstackCOMRAM 000027
i2c_write_device2@port      cstackCOMRAM 000029
init_aht20@port             cstackCOMRAM 000035
init_aht20@ptr              cstackCOMRAM 000033
int$flags                   temp         00005F
intlevel0                   text         000000
intlevel1                   text         000000
intlevel2                   text         000000
intlevel3                   text         000000
log_lookup@x                cstackCOMRAM 000025
log_lookup@y                cstackCOMRAM 000026
print_fixed@base            cstackCOMRAM 000034
print_fixed@force           cstackCOMRAM 000031
print_fixed@frac            cstackCOMRAM 000032
print_fixed@whole           cstackCOMRAM 000030
print_fixed@x               cstackCOMRAM 000029
print_fixed@y               cstackCOMRAM 00002F
print_fixed@y_657           cstackCOMRAM 00002D
print_sensor@ptr            cstackCOMRAM 000036
print_text@ptr              cstackCOMRAM 000024
print_text@text             cstackCOMRAM 000022
read_aht20@B                cstackBANK0  00008A
read_aht20@C                cstackBANK0  00008E
read_aht20@ptr              cstackCOMRAM 00003B
read_aht20@x                cstackBANK0  000096
read_aht20@y                cstackBANK0  000092
send_uart@c                 cstackCOMRAM 000021
set_clock@port              cstackCOMRAM 000022
set_clock@value             cstackCOMRAM 000021
set_data@port               cstackCOMRAM 000022
set_data@value              cstackCOMRAM 000021
stackhi                     (abs)        0000FF
stacklo                     (abs)        0000A4
start                       init         000170
start_initialization        cinit        000FA2
wtemp6                      temp         000060


FUNCTION INFORMATION:

 *************** function _main *****************
 Defined at:
		line 589 in file "drier.c"
 Parameters:    Size  Location     Type
  argc            2   26[BANK0 ] int 
  argv            3   28[BANK0 ] PTR PTR unsigned char 
 Auto vars:     Size  Location     Type
		None
 Return value:  Size  Location     Type
                  2   26[BANK0 ] int 
 Registers used:
		wreg, fsr2l, fsr2h, status,2, status,0, tblptrl, tblptrh, tblptru, prodl, prodh, cstack
 Tracked objects:
		On entry : 
		On exit  : 
		Unchanged: 
 Data sizes:     COMRAM   BANK0
      Params:         0       5
      Locals:         0       0
      Temps:          0       5
      Totals:         0      10
Total ram usage:       10 bytes
 Hardware stack levels required when called:    7
 This function calls:
		_init_aht20
		_print_lf
		_print_sensor
		_print_text
		_read_aht20
 This function is called by:
		Startup code after reset
 This function uses a non-reentrant model


 *************** function _read_aht20 *****************
 Defined at:
		line 521 in file "drier.c"
 Parameters:    Size  Location     Type
  ptr             2   58[COMRAM] PTR struct .
		 -> inside(7), outside(7), 
 Auto vars:     Size  Location     Type
  x               4   22[BANK0 ] long 
  y               4   18[BANK0 ] long 
  C               4   14[BANK0 ] const long 
  B               4   10[BANK0 ] const long 
 Return value:  Size  Location     Type
                  1    wreg      void 
 Registers used:
		wreg, fsr2l, fsr2h, status,2, status,0, tblptrl, tblptrh, tblptru, prodl, prodh, cstack
 Tracked objects:
		On entry : 
		On exit  : 
		Unchanged: 
 Data sizes:     COMRAM   BANK0
      Params:         2       0
      Locals:         0      16
      Temps:          0      10
      Totals:         2      26
Total ram usage:       28 bytes
 Hardware stack levels used:    1
 Hardware stack levels required when called:    6
 This function calls:
		___aldiv
		___awdiv
		___lmul
		_aht20_status
		_i2c_read_device2
		_i2c_write_device2
		_log_lookup
 This function is called by:
		_main
 This function uses a non-reentrant model


 *************** function _log_lookup *****************
 Defined at:
		line 501 in file "drier.c"
 Parameters:    Size  Location     Type
  x               1    wreg     unsigned char 
 Auto vars:     Size  Location     Type
  x               1   36[COMRAM] unsigned char 
  y               2   37[COMRAM] int 
 Return value:  Size  Location     Type
                  2   32[COMRAM] int 
 Registers used:
		wreg, status,2, status,0, tblptrl, tblptrh, tblptru, prodl, prodh
 Tracked objects:
		On entry : 
		On exit  : 
		Unchanged: 
 Data sizes:     COMRAM   BANK0
      Params:         2       0
      Locals:         3       0
      Temps:          2       0
      Totals:         7       0
Total ram usage:        7 bytes
 Hardware stack levels used:    1
 Hardware stack levels required when called:    2
 This function calls:
		Nothing
 This function is called by:
		_read_aht20
 This function uses a non-reentrant model


 *************** function ___lmul *****************
 Defined at:
		line 15 in file "/opt/microchip/xc8/v1.45/sources/common/Umul32.c"
 Parameters:    Size  Location     Type
  multiplier      4   32[COMRAM] unsigned long 
  multiplicand    4   36[COMRAM] unsigned long 
 Auto vars:     Size  Location     Type
  product         4   40[COMRAM] unsigned long 
 Return value:  Size  Location     Type
                  4   32[COMRAM] unsigned long 
 Registers used:
		wreg, status,2, status,0
 Tracked objects:
		On entry : 
		On exit  : 
		Unchanged: 
 Data sizes:     COMRAM   BANK0
      Params:         8       0
      Locals:         4       0
      Temps:          0       0
      Totals:        12       0
Total ram usage:       12 bytes
 Hardware stack levels used:    1
 Hardware stack levels required when called:    2
 This function calls:
		Nothing
 This function is called by:
		_read_aht20
 This function uses a non-reentrant model


 *************** function ___aldiv *****************
 Defined at:
		line 8 in file "/opt/microchip/xc8/v1.45/sources/common/aldiv.c"
 Parameters:    Size  Location     Type
  dividend        4   44[COMRAM] long 
  divisor         4   48[COMRAM] long 
 Auto vars:     Size  Location     Type
  quotient        4   54[COMRAM] long 
  sign            1   53[COMRAM] unsigned char 
  counter         1   52[COMRAM] unsigned char 
 Return value:  Size  Location     Type
                  4   44[COMRAM] long 
 Registers used:
		wreg, status,2, status,0
 Tracked objects:
		On entry : 
		On exit  : 
		Unchanged: 
 Data sizes:     COMRAM   BANK0
      Params:         8       0
      Locals:         6       0
      Temps:          0       0
      Totals:        14       0
Total ram usage:       14 bytes
 Hardware stack levels used:    1
 Hardware stack levels required when called:    2
 This function calls:
		Nothing
 This function is called by:
		_read_aht20
 This function uses a non-reentrant model


 *************** function _print_sensor *****************
 Defined at:
		line 579 in file "drier.c"
 Parameters:    Size  Location     Type
  ptr             2   53[COMRAM] PTR struct .
		 -> inside(7), outside(7), 
 Auto vars:     Size  Location     Type
		None
 Return value:  Size  Location     Type
                  1    wreg      void 
 Registers used:
		wreg, fsr2l, fsr2h, status,2, status,0, tblptrl, tblptrh, tblptru, prodl, prodh, cstack
 Tracked objects:
		On entry : 
		On exit  : 
		Unchanged: 
 Data sizes:     COMRAM   BANK0
      Params:         2       0
      Locals:         0       0
      Temps:          0       0
      Totals:         2       0
Total ram usage:        2 bytes
 Hardware stack levels used:    1
 Hardware stack levels required when called:    4
 This function calls:
		_print_fixed
		_print_text
 This function is called by:
		_main
 This function uses a non-reentrant model


 *************** function _print_text *****************
 Defined at:
		line 203 in file "drier.c"
 Parameters:    Size  Location     Type
  text            2   33[COMRAM] PTR const unsigned char 
		 -> STR_10(22), STR_9(23), STR_8(4), STR_7(4), 
		 -> STR_6(11), STR_5(22), STR_4(31), STR_3(3), 
		 -> STR_2(3), STR_1(3), 
 Auto vars:     Size  Location     Type
  ptr             2   35[COMRAM] PTR const unsigned char 
		 -> STR_10(22), STR_9(23), STR_8(4), STR_7(4), 
		 -> STR_6(11), STR_5(22), STR_4(31), STR_3(3), 
		 -> STR_2(3), STR_1(3), 
 Return value:  Size  Location     Type
                  1    wreg      void 
 Registers used:
		wreg, status,2, status,0, tblptrl, tblptrh, tblptru, cstack
 Tracked objects:
		On entry : 
		On exit  : 
		Unchanged: 
 Data sizes:     COMRAM   BANK0
      Params:         2       0
      Locals:         2       0
      Temps:          0       0
      Totals:         4       0
Total ram usage:        4 bytes
 Hardware stack levels used:    1
 Hardware stack levels required when called:    3
 This function calls:
		_send_uart
 This function is called by:
		_print_sensor
		_main
 This function uses a non-reentrant model


 *************** function _print_fixed *****************
 Defined at:
		line 257 in file "drier.c"
 Parameters:    Size  Location     Type
  x               2   40[COMRAM] int 
 Auto vars:     Size  Location     Type
  y               1   46[COMRAM] unsigned char 
  y               2   44[COMRAM] unsigned int 
  base            2   51[COMRAM] unsigned int 
  frac            2   49[COMRAM] unsigned int 
  force           1   48[COMRAM] unsigned char 
  whole           1   47[COMRAM] unsigned char 
 Return value:  Size  Location     Type
                  1    wreg      void 
 Registers used:
		wreg, status,2, status,0, prodl, prodh, cstack
 Tracked objects:
		On entry : 
		On exit  : 
		Unchanged: 
 Data sizes:     COMRAM   BANK0
      Params:         2       0
      Locals:         9       0
      Temps:          2       0
      Totals:        13       0
Total ram usage:       13 bytes
 Hardware stack levels used:    1
 Hardware stack levels required when called:    3
 This function calls:
		___awdiv
		___lwdiv
		___wmul
		_send_uart
 This function is called by:
		_print_sensor
 This function uses a non-reentrant model


 *************** function ___wmul *****************
 Defined at:
		line 15 in file "/opt/microchip/xc8/v1.45/sources/common/Umul16.c"
 Parameters:    Size  Location     Type
  multiplier      2   32[COMRAM] unsigned int 
  multiplicand    2   34[COMRAM] unsigned int 
 Auto vars:     Size  Location     Type
  product         2   36[COMRAM] unsigned int 
 Return value:  Size  Location     Type
                  2   32[COMRAM] unsigned int 
 Registers used:
		wreg, status,2, status,0, prodl, prodh
 Tracked objects:
		On entry : 
		On exit  : 
		Unchanged: 
 Data sizes:     COMRAM   BANK0
      Params:         4       0
      Locals:         2       0
      Temps:          0       0
      Totals:         6       0
Total ram usage:        6 bytes
 Hardware stack levels used:    1
 Hardware stack levels required when called:    2
 This function calls:
		Nothing
 This function is called by:
		_print_fixed
		_print_number
 This function uses a non-reentrant model


 *************** function ___lwdiv *****************
 Defined at:
		line 8 in file "/opt/microchip/xc8/v1.45/sources/common/lwdiv.c"
 Parameters:    Size  Location     Type
  dividend        2   32[COMRAM] unsigned int 
  divisor         2   34[COMRAM] unsigned int 
 Auto vars:     Size  Location     Type
  quotient        2   36[COMRAM] unsigned int 
  counter         1   38[COMRAM] unsigned char 
 Return value:  Size  Location     Type
                  2   32[COMRAM] unsigned int 
 Registers used:
		wreg, status,2, status,0
 Tracked objects:
		On entry : 
		On exit  : 
		Unchanged: 
 Data sizes:     COMRAM   BANK0
      Params:         4       0
      Locals:         3       0
      Temps:          0       0
      Totals:         7       0
Total ram usage:        7 bytes
 Hardware stack levels used:    1
 Hardware stack levels required when called:    2
 This function calls:
		Nothing
 This function is called by:
		_print_fixed
		_print_number
 This function uses a non-reentrant model


 *************** function ___awdiv *****************
 Defined at:
		line 8 in file "/opt/microchip/xc8/v1.45/sources/common/awdiv.c"
 Parameters:    Size  Location     Type
  dividend        2   32[COMRAM] int 
  divisor         2   34[COMRAM] int 
 Auto vars:     Size  Location     Type
  quotient        2   38[COMRAM] int 
  sign            1   37[COMRAM] unsigned char 
  counter         1   36[COMRAM] unsigned char 
 Return value:  Size  Location     Type
                  2   32[COMRAM] int 
 Registers used:
		wreg, status,2, status,0
 Tracked objects:
		On entry : 
		On exit  : 
		Unchanged: 
 Data sizes:     COMRAM   BANK0
      Params:         4       0
      Locals:         4       0
      Temps:          0       0
      Totals:         8       0
Total ram usage:        8 bytes
 Hardware stack levels used:    1
 Hardware stack levels required when called:    2
 This function calls:
		Nothing
 This function is called by:
		_print_fixed
		_read_aht20
 This function uses a non-reentrant model


 *************** function _print_lf *****************
 Defined at:
		line 213 in file "drier.c"
 Parameters:    Size  Location     Type
		None
 Auto vars:     Size  Location     Type
		None
 Return value:  Size  Location     Type
                  1    wreg      void 
 Registers used:
		wreg, cstack
 Tracked objects:
		On entry : 
		On exit  : 
		Unchanged: 
 Data sizes:     COMRAM   BANK0
      Params:         0       0
      Locals:         0       0
      Temps:          0       0
      Totals:         0       0
Total ram usage:        0 bytes
 Hardware stack levels used:    1
 Hardware stack levels required when called:    3
 This function calls:
		_send_uart
 This function is called by:
		_main
 This function uses a non-reentrant model


 *************** function _send_uart *****************
 Defined at:
		line 191 in file "drier.c"
 Parameters:    Size  Location     Type
  c               1    wreg     unsigned char 
 Auto vars:     Size  Location     Type
  c               1   32[COMRAM] unsigned char 
 Return value:  Size  Location     Type
                  1    wreg      void 
 Registers used:
		wreg
 Tracked objects:
		On entry : 
		On exit  : 
		Unchanged: 
 Data sizes:     COMRAM   BANK0
      Params:         0       0
      Locals:         1       0
      Temps:          0       0
      Totals:         1       0
Total ram usage:        1 bytes
 Hardware stack levels used:    1
 Hardware stack levels required when called:    2
 This function calls:
		Nothing
 This function is called by:
		_print_text
		_print_lf
		_print_fixed
		_print_number
 This function uses a non-reentrant model


 *************** function _init_aht20 *****************
 Defined at:
		line 561 in file "drier.c"
 Parameters:    Size  Location     Type
  ptr             2   50[COMRAM] PTR struct .
		 -> inside(7), outside(7), 
  port            1   52[COMRAM] unsigned char 
 Auto vars:     Size  Location     Type
		None
 Return value:  Size  Location     Type
                  1    wreg      void 
 Registers used:
		wreg, fsr2l, fsr2h, status,2, status,0, prodl, prodh, cstack
 Tracked objects:
		On entry : 
		On exit  : 
		Unchanged: 
 Data sizes:     COMRAM   BANK0
      Params:         3       0
      Locals:         0       0
      Temps:          1       0
      Totals:         4       0
Total ram usage:        4 bytes
 Hardware stack levels used:    1
 Hardware stack levels required when called:    6
 This function calls:
		_aht20_status
		_i2c_write_device2
 This function is called by:
		_main
 This function uses a non-reentrant model


 *************** function _i2c_write_device2 *****************
 Defined at:
		line 476 in file "drier.c"
 Parameters:    Size  Location     Type
  port            1    wreg     unsigned char 
  len             1   38[COMRAM] unsigned char 
 Auto vars:     Size  Location     Type
  port            1   40[COMRAM] unsigned char 
  i               1   39[COMRAM] unsigned char 
 Return value:  Size  Location     Type
                  1    wreg      void 
 Registers used:
		wreg, fsr2l, fsr2h, status,2, status,0, prodl, prodh, cstack
 Tracked objects:
		On entry : 
		On exit  : 
		Unchanged: 
 Data sizes:     COMRAM   BANK0
      Params:         1       0
      Locals:         2       0
      Temps:          0       0
      Totals:         3       0
Total ram usage:        3 bytes
 Hardware stack levels used:    1
 Hardware stack levels required when called:    4
 This function calls:
		_i2c_start
		_i2c_stop
		_i2c_write
 This function is called by:
		_read_aht20
		_init_aht20
 This function uses a non-reentrant model


 *************** function _aht20_status *****************
 Defined at:
		line 492 in file "drier.c"
 Parameters:    Size  Location     Type
  port            1    wreg     unsigned char 
 Auto vars:     Size  Location     Type
  port            1   49[COMRAM] unsigned char 
 Return value:  Size  Location     Type
                  1    wreg      unsigned char 
 Registers used:
		wreg, fsr2l, fsr2h, status,2, status,0, prodl, prodh, cstack
 Tracked objects:
		On entry : 
		On exit  : 
		Unchanged: 
 Data sizes:     COMRAM   BANK0
      Params:         0       0
      Locals:         1       0
      Temps:          0       0
      Totals:         1       0
Total ram usage:        1 bytes
 Hardware stack levels used:    1
 Hardware stack levels required when called:    5
 This function calls:
		_i2c_read_device2
 This function is called by:
		_read_aht20
		_init_aht20
 This function uses a non-reentrant model


 *************** function _i2c_read_device2 *****************
 Defined at:
		line 446 in file "drier.c"
 Parameters:    Size  Location     Type
  port            1    wreg     unsigned char 
  bytes           1   46[COMRAM] unsigned char 
 Auto vars:     Size  Location     Type
  port            1   48[COMRAM] unsigned char 
  i               1   47[COMRAM] unsigned char 
 Return value:  Size  Location     Type
                  1    wreg      void 
 Registers used:
		wreg, fsr2l, fsr2h, status,2, status,0, prodl, prodh, cstack
 Tracked objects:
		On entry : 
		On exit  : 
		Unchanged: 
 Data sizes:     COMRAM   BANK0
      Params:         1       0
      Locals:         2       0
      Temps:          0       0
      Totals:         3       0
Total ram usage:        3 bytes
 Hardware stack levels used:    1
 Hardware stack levels required when called:    4
 This function calls:
		_i2c_read
		_i2c_start
		_i2c_stop
		_i2c_write
 This function is called by:
		_aht20_status
		_read_aht20
 This function uses a non-reentrant model


 *************** function _i2c_write *****************
 Defined at:
		line 341 in file "drier.c"
 Parameters:    Size  Location     Type
  port            1    wreg     unsigned char 
  value           1   34[COMRAM] unsigned char 
 Auto vars:     Size  Location     Type
  port            1   37[COMRAM] unsigned char 
  i               1   36[COMRAM] unsigned char 
  ack             1   35[COMRAM] unsigned char 
 Return value:  Size  Location     Type
                  1    wreg      void 
 Registers used:
		wreg, status,2, status,0, cstack
 Tracked objects:
		On entry : 
		On exit  : 
		Unchanged: 
 Data sizes:     COMRAM   BANK0
      Params:         1       0
      Locals:         3       0
      Temps:          0       0
      Totals:         4       0
Total ram usage:        4 bytes
 Hardware stack levels used:    1
 Hardware stack levels required when called:    3
 This function calls:
		_get_clock
		_get_data
		_set_clock
		_set_data
 This function is called by:
		_i2c_read_device2
		_i2c_write_device2
		_i2c_read_device
		_i2c_write_device
 This function uses a non-reentrant model


 *************** function _i2c_stop *****************
 Defined at:
		line 418 in file "drier.c"
 Parameters:    Size  Location     Type
  port            1    wreg     unsigned char 
 Auto vars:     Size  Location     Type
  port            1   34[COMRAM] unsigned char 
 Return value:  Size  Location     Type
                  1    wreg      void 
 Registers used:
		wreg, status,2, cstack
 Tracked objects:
		On entry : 
		On exit  : 
		Unchanged: 
 Data sizes:     COMRAM   BANK0
      Params:         0       0
      Locals:         1       0
      Temps:          0       0
      Totals:         1       0
Total ram usage:        1 bytes
 Hardware stack levels used:    1
 Hardware stack levels required when called:    3
 This function calls:
		_set_clock
		_set_data
 This function is called by:
		_i2c_read_device2
		_i2c_write_device2
		_i2c_read_device
		_i2c_write_device
 This function uses a non-reentrant model


 *************** function _i2c_start *****************
 Defined at:
		line 410 in file "drier.c"
 Parameters:    Size  Location     Type
  port            1    wreg     unsigned char 
 Auto vars:     Size  Location     Type
  port            1   34[COMRAM] unsigned char 
 Return value:  Size  Location     Type
                  1    wreg      void 
 Registers used:
		wreg, status,2, cstack
 Tracked objects:
		On entry : 
		On exit  : 
		Unchanged: 
 Data sizes:     COMRAM   BANK0
      Params:         0       0
      Locals:         1       0
      Temps:          0       0
      Totals:         1       0
Total ram usage:        1 bytes
 Hardware stack levels used:    1
 Hardware stack levels required when called:    3
 This function calls:
		_set_clock
		_set_data
 This function is called by:
		_i2c_read_device2
		_i2c_write_device2
		_i2c_read_device
		_i2c_write_device
 This function uses a non-reentrant model


 *************** function _i2c_read *****************
 Defined at:
		line 370 in file "drier.c"
 Parameters:    Size  Location     Type
  port            1    wreg     unsigned char 
  bytes           1   34[COMRAM] unsigned char 
 Auto vars:     Size  Location     Type
  port            1   45[COMRAM] unsigned char 
  value           1   42[COMRAM] unsigned char 
  i               1   44[COMRAM] unsigned char 
  j               1   43[COMRAM] unsigned char 
 Return value:  Size  Location     Type
                  1    wreg      void 
 Registers used:
		wreg, fsr2l, fsr2h, status,2, status,0, prodl, prodh, cstack
 Tracked objects:
		On entry : 
		On exit  : 
		Unchanged: 
 Data sizes:     COMRAM   BANK0
      Params:         1       0
      Locals:         4       0
      Temps:          7       0
      Totals:        12       0
Total ram usage:       12 bytes
 Hardware stack levels used:    1
 Hardware stack levels required when called:    3
 This function calls:
		_get_clock
		_get_data
		_set_clock
		_set_data
 This function is called by:
		_i2c_read_device2
		_i2c_read_device
 This function uses a non-reentrant model


 *************** function _set_data *****************
 Defined at:
		line 291 in file "drier.c"
 Parameters:    Size  Location     Type
  port            1    wreg     unsigned char 
  value           1   32[COMRAM] unsigned char 
 Auto vars:     Size  Location     Type
  port            1   33[COMRAM] unsigned char 
 Return value:  Size  Location     Type
                  1    wreg      void 
 Registers used:
		wreg, status,2
 Tracked objects:
		On entry : 
		On exit  : 
		Unchanged: 
 Data sizes:     COMRAM   BANK0
      Params:         1       0
      Locals:         1       0
      Temps:          0       0
      Totals:         2       0
Total ram usage:        2 bytes
 Hardware stack levels used:    1
 Hardware stack levels required when called:    2
 This function calls:
		Nothing
 This function is called by:
		_i2c_write
		_i2c_read
		_i2c_start
		_i2c_stop
 This function uses a non-reentrant model


 *************** function _set_clock *****************
 Defined at:
		line 304 in file "drier.c"
 Parameters:    Size  Location     Type
  port            1    wreg     unsigned char 
  value           1   32[COMRAM] unsigned char 
 Auto vars:     Size  Location     Type
  port            1   33[COMRAM] unsigned char 
 Return value:  Size  Location     Type
                  1    wreg      void 
 Registers used:
		wreg, status,2
 Tracked objects:
		On entry : 
		On exit  : 
		Unchanged: 
 Data sizes:     COMRAM   BANK0
      Params:         1       0
      Locals:         1       0
      Temps:          0       0
      Totals:         2       0
Total ram usage:        2 bytes
 Hardware stack levels used:    1
 Hardware stack levels required when called:    2
 This function calls:
		Nothing
 This function is called by:
		_i2c_write
		_i2c_read
		_i2c_start
		_i2c_stop
 This function uses a non-reentrant model


 *************** function _get_data *****************
 Defined at:
		line 317 in file "drier.c"
 Parameters:    Size  Location     Type
  port            1    wreg     unsigned char 
 Auto vars:     Size  Location     Type
  port            1   32[COMRAM] unsigned char 
 Return value:  Size  Location     Type
                  1    wreg      unsigned char 
 Registers used:
		wreg, status,2
 Tracked objects:
		On entry : 
		On exit  : 
		Unchanged: 
 Data sizes:     COMRAM   BANK0
      Params:         0       0
      Locals:         1       0
      Temps:          0       0
      Totals:         1       0
Total ram usage:        1 bytes
 Hardware stack levels used:    1
 Hardware stack levels required when called:    2
 This function calls:
		Nothing
 This function is called by:
		_i2c_write
		_i2c_read
 This function uses a non-reentrant model


 *************** function _get_clock *****************
 Defined at:
		line 329 in file "drier.c"
 Parameters:    Size  Location     Type
  port            1    wreg     unsigned char 
 Auto vars:     Size  Location     Type
  port            1   32[COMRAM] unsigned char 
 Return value:  Size  Location     Type
                  1    wreg      unsigned char 
 Registers used:
		wreg, status,2
 Tracked objects:
		On entry : 
		On exit  : 
		Unchanged: 
 Data sizes:     COMRAM   BANK0
      Params:         0       0
      Locals:         1       0
      Temps:          0       0
      Totals:         1       0
Total ram usage:        1 bytes
 Hardware stack levels used:    1
 Hardware stack levels required when called:    2
 This function calls:
		Nothing
 This function is called by:
		_i2c_write
		_i2c_read
 This function uses a non-reentrant model


 *************** function _isr *****************
 Defined at:
		line 794 in file "drier.c"
 Parameters:    Size  Location     Type
		None
 Auto vars:     Size  Location     Type
		None
 Return value:  Size  Location     Type
                  1    wreg      void 
 Registers used:
		wreg, status,2, status,0, cstack
 Tracked objects:
		On entry : 
		On exit  : 
		Unchanged: 
 Data sizes:     COMRAM   BANK0
      Params:         0       0
      Locals:         0       0
      Temps:         19       0
      Totals:        19       0
Total ram usage:       19 bytes
 Hardware stack levels used:    1
 Hardware stack levels required when called:    1
 This function calls:
		___lldiv
 This function is called by:
		Interrupt level 2
 This function uses a non-reentrant model


 *************** function ___lldiv *****************
 Defined at:
		line 8 in file "/opt/microchip/xc8/v1.45/sources/common/lldiv.c"
 Parameters:    Size  Location     Type
  dividend        4    0[COMRAM] unsigned long 
  divisor         4    4[COMRAM] unsigned long 
 Auto vars:     Size  Location     Type
  quotient        4    8[COMRAM] unsigned long 
  counter         1   12[COMRAM] unsigned char 
 Return value:  Size  Location     Type
                  4    0[COMRAM] unsigned long 
 Registers used:
		wreg, status,2, status,0
 Tracked objects:
		On entry : 
		On exit  : 
		Unchanged: 
 Data sizes:     COMRAM   BANK0
      Params:         8       0
      Locals:         5       0
      Temps:          0       0
      Totals:        13       0
Total ram usage:       13 bytes
 Hardware stack levels used:    1
 This function calls:
		Nothing
 This function is called by:
		_isr
 This function uses a non-reentrant model



MODULE INFORMATION

Module		Function		Class		Link	Load	Size
/opt/microchip/xc8/v1.45/sources/common/Umul32.c
		___lmul        		CODE           	0D0A	0000	87

/opt/microchip/xc8/v1.45/sources/common/Umul32.c estimated size: 87

drier.c
		_set_data      		CODE           	0F22	0000	33
		_get_clock     		CODE           	0F82	0000	33
		_i2c_start     		CODE           	0EAE	0000	45
		_send_uart     		CODE           	0FD0	0000	13
		_print_text    		CODE           	0E7C	0000	51
		_set_clock     		CODE           	0F42	0000	33
		_i2c_write_device2		CODE           	0DFA	0000	69
		_main          		CODE           	05EA	0000	497
		_init_aht20    		CODE           	0E3E	0000	63
		_log_lookup    		CODE           	0BAA	0000	129
		_read_aht20    		CODE           	02E2	0000	777
		_print_sensor  		CODE           	0C9C	0000	111
		_print_fixed   		CODE           	07DA	0000	307
		_isr           		CODE           	0008	0000	361
		_i2c_read_device2		CODE           	0DB2	0000	73
		_i2c_write     		CODE           	0C2A	0000	115
		_print_lf      		CODE           	0FDC	0000	9
		_i2c_stop      		CODE           	0F00	0000	35
		_aht20_status  		CODE           	0FC0	0000	17
		_i2c_read      		CODE           	09D8	0000	205
		_get_data      		CODE           	0F62	0000	33

drier.c estimated size: 3009

shared
		__initialization		CODE           	0FA2	0000	13
		_log_table     		SMALLCONST     	0201	0000	101

shared estimated size: 114

/opt/microchip/xc8/v1.45/sources/common/lwdiv.c
		___lwdiv       		CODE           	0D60	0000	83

/opt/microchip/xc8/v1.45/sources/common/lwdiv.c estimated size: 83

/opt/microchip/xc8/v1.45/sources/common/awdiv.c
		___awdiv       		CODE           	0AA4	0000	133

/opt/microchip/xc8/v1.45/sources/common/awdiv.c estimated size: 133

/opt/microchip/xc8/v1.45/sources/common/lldiv.c
		___lldiv       		CODE           	0B28	0000	131

/opt/microchip/xc8/v1.45/sources/common/lldiv.c estimated size: 131

/opt/microchip/xc8/v1.45/sources/common/aldiv.c
		___aldiv       		CODE           	090C	0000	205

/opt/microchip/xc8/v1.45/sources/common/aldiv.c estimated size: 205

/opt/microchip/xc8/v1.45/sources/common/Umul16.c
		___wmul        		CODE           	0EDA	0000	39

/opt/microchip/xc8/v1.45/sources/common/Umul16.c estimated size: 39

